// Jest Snapshot v1, https://jestjs.io/docs/snapshot-testing

exports[`Layout should match the snapshot 1`] = `
<div>
  <main
    class="min-h-screen bg-white text-neutral-900"
  >
    <div>
      Test Content
    </div>
  </main>
</div>
`;
